Clojure 1.9.0
user=> user=> user=> user=> #'user/greeting
user=> user=> user=> #object[clojure.lang.MultiFn 0x1dbb650b "clojure.lang.MultiFn@1dbb650b"]
user=> user=> #object[clojure.lang.MultiFn 0x1dbb650b "clojure.lang.MultiFn@1dbb650b"]
user=> user=> user=> #object[clojure.lang.MultiFn 0x1dbb650b "clojure.lang.MultiFn@1dbb650b"]
user=> user=> user=> #'user/english-map
user=> #'user/french-map
user=> #'user/spanish-map
user=> user=> "Hello!"
user=> user=> "Bonjour!"
user=> user=> IllegalArgumentException I don't know the Spanish language  user/eval159/fn--160 (NO_SOURCE_FILE:17)
user=> user=> user=> user=> user=> user=> user=> user=> user=> #'user/factorial
user=> user=> #object[clojure.lang.MultiFn 0x70242f38 "clojure.lang.MultiFn@70242f38"]
user=> #object[clojure.lang.MultiFn 0x70242f38 "clojure.lang.MultiFn@70242f38"]
user=> user=> 1
user=> 1
user=> 6
user=> 5040
user=> user=> user=> user=> user=> #'user/bat
user=> #object[clojure.lang.MultiFn 0x676ff3b0 "clojure.lang.MultiFn@676ff3b0"]
user=> #object[clojure.lang.MultiFn 0x676ff3b0 "clojure.lang.MultiFn@676ff3b0"]
user=> #object[clojure.lang.MultiFn 0x676ff3b0 "clojure.lang.MultiFn@676ff3b0"]
user=> #object[clojure.lang.MultiFn 0x676ff3b0 "clojure.lang.MultiFn@676ff3b0"]
user=> user=> user=> user=> "str: mink and stoat"
user=> user=> user=> "str: bear, skunk and sloth"
user=> user=> user=> "str: dog, cat, cow and horse"
user=> user=> user=> "number: 1 and 2"
user=> user=> user=> user=> user=> user=> user=> #'user/x
user=> #object[clojure.lang.MultiFn 0x44cb460e "clojure.lang.MultiFn@44cb460e"]
user=> #object[clojure.lang.MultiFn 0x44cb460e "clojure.lang.MultiFn@44cb460e"]
user=> 1
user=> nil
user=> 1
user=> nil
user=> #'user/x
user=> user=> user=> user=> user=> user=> user=> user=> nil
user=> user=> #'user/f
user=> -------------------------
user/f
  Great function
nil
user=> user=> user=> user=> user=> user=> user=> #'user/g
user=> -------------------------
user/g
([x])
  Better function
nil
user=> user=> user=> user=> user=> user=> user=> #'user/compact
user=> user=> #object[clojure.lang.MultiFn 0x4d48bd85 "clojure.lang.MultiFn@4d48bd85"]
user=> user=> #object[clojure.lang.MultiFn 0x4d48bd85 "clojure.lang.MultiFn@4d48bd85"]
user=> user=> user=> user=> (:foo 1 :bar)
user=> user=> user=> {:foo 1, :baz "hello"}
user=> user=> user=> user=> user=> user=> user=> user=> user=> user=> user=> user=> user=> user=> user=> user=> user=> user=> user=> user=> user=> user=> user=> user=> user=> user=> user=> user=> user=> user=> user=> user=> user=> user=> user=> user=> #'user/full-name
user=> user=> #object[clojure.lang.MultiFn 0x369c9bb "clojure.lang.MultiFn@369c9bb"]
user=> user=> #object[clojure.lang.MultiFn 0x369c9bb "clojure.lang.MultiFn@369c9bb"]
user=> user=> #object[clojure.lang.MultiFn 0x369c9bb "clojure.lang.MultiFn@369c9bb"]
user=> user=> "Bob Dobbs"
user=> user=> user=> "Bob Dobbs"
user=> user=> user=> "???"
user=> user=> user=> user=> user=> user=> user=> #'user/draw
user=> user=> user=> #object[clojure.lang.MultiFn 0x1abc9f14 "clojure.lang.MultiFn@1abc9f14"]
user=> #object[clojure.lang.MultiFn 0x1abc9f14 "clojure.lang.MultiFn@1abc9f14"]
user=> user=> #'user/square
user=> #'user/triangle
user=> user=> "Drawing a red square"
user=> "Drawing a green triangle"
user=> user=> user=> user=> #'user/salary
user=> user=> user=> #object[clojure.lang.MultiFn 0x1f387978 "clojure.lang.MultiFn@1f387978"]
user=> #object[clojure.lang.MultiFn 0x1f387978 "clojure.lang.MultiFn@1f387978"]
user=> user=> 1500
user=> 1099
user=> 
